../Src/main.c:82:5:__io_putchar	16	static
../Src/main.c:88:13:Print_Buffer_ASCII	24	static
../Src/main.c:105:13:Print_Buffer_HEX	24	static
../Src/main.c:115:13:Prepare_SMBUS_Test	8	static
../Src/main.c:123:21:Run_SMBUS_Test	24	static
../Src/main.c:186:21:Check_SMBUS_Data	8	static
../Src/main.c:212:13:Recover_SMBUS_Bus	8	static
../Src/main.c:223:13:Indicate_Test_Pass	8	static
../Src/main.c:231:13:Indicate_Test_Error	8	static
../Src/main.c:239:13:Indicate_Test_Mismatch	8	static
../Src/main.c:247:6:HAL_SMBUS_AddrCallback	16	static
../Src/main.c:267:6:HAL_SMBUS_SlaveRxCpltCallback	16	static
../Src/main.c:276:6:HAL_SMBUS_MasterTxCpltCallback	16	static
../Src/main.c:284:6:HAL_SMBUS_ListenCpltCallback	16	static
../Src/main.c:295:6:HAL_SMBUS_ErrorCallback	16	static
../Src/main.c:306:5:main	16	static
../Src/main.c:365:6:SystemClock_Config	120	static
../Src/main.c:414:6:Error_Handler	4	static,ignoring_inline_asm
